The following modules were not unloaded:
  (Use "module --force purge" to unload all):

  1) 2023.01   2) StdEnv
Requirement already satisfied: numpy>=1.26.2 in /home1/s4680340/BSc-Thesis/BscThesisvenv/lib/python3.9/site-packages (from -r /home1/s4680340/BSc-Thesis/Thesis/requirements.txt (line 1)) (2.0.2)
Requirement already satisfied: h5py>=3.10.0 in /home1/s4680340/BSc-Thesis/BscThesisvenv/lib/python3.9/site-packages (from -r /home1/s4680340/BSc-Thesis/Thesis/requirements.txt (line 2)) (3.12.1)
Requirement already satisfied: validators>=0.22.0 in /home1/s4680340/BSc-Thesis/BscThesisvenv/lib/python3.9/site-packages (from -r /home1/s4680340/BSc-Thesis/Thesis/requirements.txt (line 3)) (0.34.0)
Requirement already satisfied: tqdm>=4.66.1 in /home1/s4680340/BSc-Thesis/BscThesisvenv/lib/python3.9/site-packages (from -r /home1/s4680340/BSc-Thesis/Thesis/requirements.txt (line 4)) (4.67.1)
Requirement already satisfied: colorama>=0.4.6 in /home1/s4680340/BSc-Thesis/BscThesisvenv/lib/python3.9/site-packages (from -r /home1/s4680340/BSc-Thesis/Thesis/requirements.txt (line 5)) (0.4.6)
Requirement already satisfied: matplotlib>=3.4.3 in /home1/s4680340/BSc-Thesis/BscThesisvenv/lib/python3.9/site-packages (from -r /home1/s4680340/BSc-Thesis/Thesis/requirements.txt (line 6)) (3.9.3)
Requirement already satisfied: pandas>=1.3.3 in /home1/s4680340/BSc-Thesis/BscThesisvenv/lib/python3.9/site-packages (from -r /home1/s4680340/BSc-Thesis/Thesis/requirements.txt (line 7)) (2.2.3)
Requirement already satisfied: scipy>=1.7.1 in /home1/s4680340/BSc-Thesis/BscThesisvenv/lib/python3.9/site-packages (from -r /home1/s4680340/BSc-Thesis/Thesis/requirements.txt (line 8)) (1.13.1)
Requirement already satisfied: scikit-learn>=0.24.2 in /home1/s4680340/BSc-Thesis/BscThesisvenv/lib/python3.9/site-packages (from -r /home1/s4680340/BSc-Thesis/Thesis/requirements.txt (line 9)) (1.6.0)
Requirement already satisfied: requests>=2.26.0 in /home1/s4680340/BSc-Thesis/BscThesisvenv/lib/python3.9/site-packages (from -r /home1/s4680340/BSc-Thesis/Thesis/requirements.txt (line 10)) (2.32.3)
Requirement already satisfied: torch>=1.2.1 in /home1/s4680340/BSc-Thesis/BscThesisvenv/lib/python3.9/site-packages (from -r /home1/s4680340/BSc-Thesis/Thesis/requirements.txt (line 11)) (2.5.1)
Requirement already satisfied: contourpy>=1.0.1 in /home1/s4680340/BSc-Thesis/BscThesisvenv/lib/python3.9/site-packages (from matplotlib>=3.4.3->-r /home1/s4680340/BSc-Thesis/Thesis/requirements.txt (line 6)) (1.3.0)
Requirement already satisfied: cycler>=0.10 in /home1/s4680340/BSc-Thesis/BscThesisvenv/lib/python3.9/site-packages (from matplotlib>=3.4.3->-r /home1/s4680340/BSc-Thesis/Thesis/requirements.txt (line 6)) (0.12.1)
Requirement already satisfied: fonttools>=4.22.0 in /home1/s4680340/BSc-Thesis/BscThesisvenv/lib/python3.9/site-packages (from matplotlib>=3.4.3->-r /home1/s4680340/BSc-Thesis/Thesis/requirements.txt (line 6)) (4.55.3)
Requirement already satisfied: kiwisolver>=1.3.1 in /home1/s4680340/BSc-Thesis/BscThesisvenv/lib/python3.9/site-packages (from matplotlib>=3.4.3->-r /home1/s4680340/BSc-Thesis/Thesis/requirements.txt (line 6)) (1.4.7)
Requirement already satisfied: packaging>=20.0 in /home1/s4680340/BSc-Thesis/BscThesisvenv/lib/python3.9/site-packages (from matplotlib>=3.4.3->-r /home1/s4680340/BSc-Thesis/Thesis/requirements.txt (line 6)) (24.2)
Requirement already satisfied: pillow>=8 in /home1/s4680340/BSc-Thesis/BscThesisvenv/lib/python3.9/site-packages (from matplotlib>=3.4.3->-r /home1/s4680340/BSc-Thesis/Thesis/requirements.txt (line 6)) (11.0.0)
Requirement already satisfied: pyparsing>=2.3.1 in /home1/s4680340/BSc-Thesis/BscThesisvenv/lib/python3.9/site-packages (from matplotlib>=3.4.3->-r /home1/s4680340/BSc-Thesis/Thesis/requirements.txt (line 6)) (3.2.0)
Requirement already satisfied: python-dateutil>=2.7 in /home1/s4680340/BSc-Thesis/BscThesisvenv/lib/python3.9/site-packages (from matplotlib>=3.4.3->-r /home1/s4680340/BSc-Thesis/Thesis/requirements.txt (line 6)) (2.9.0.post0)
Requirement already satisfied: importlib-resources>=3.2.0 in /home1/s4680340/BSc-Thesis/BscThesisvenv/lib/python3.9/site-packages (from matplotlib>=3.4.3->-r /home1/s4680340/BSc-Thesis/Thesis/requirements.txt (line 6)) (6.4.5)
Requirement already satisfied: pytz>=2020.1 in /home1/s4680340/BSc-Thesis/BscThesisvenv/lib/python3.9/site-packages (from pandas>=1.3.3->-r /home1/s4680340/BSc-Thesis/Thesis/requirements.txt (line 7)) (2024.2)
Requirement already satisfied: tzdata>=2022.7 in /home1/s4680340/BSc-Thesis/BscThesisvenv/lib/python3.9/site-packages (from pandas>=1.3.3->-r /home1/s4680340/BSc-Thesis/Thesis/requirements.txt (line 7)) (2024.2)
Requirement already satisfied: joblib>=1.2.0 in /home1/s4680340/BSc-Thesis/BscThesisvenv/lib/python3.9/site-packages (from scikit-learn>=0.24.2->-r /home1/s4680340/BSc-Thesis/Thesis/requirements.txt (line 9)) (1.4.2)
Requirement already satisfied: threadpoolctl>=3.1.0 in /home1/s4680340/BSc-Thesis/BscThesisvenv/lib/python3.9/site-packages (from scikit-learn>=0.24.2->-r /home1/s4680340/BSc-Thesis/Thesis/requirements.txt (line 9)) (3.5.0)
Requirement already satisfied: charset-normalizer<4,>=2 in /home1/s4680340/BSc-Thesis/BscThesisvenv/lib/python3.9/site-packages (from requests>=2.26.0->-r /home1/s4680340/BSc-Thesis/Thesis/requirements.txt (line 10)) (3.4.0)
Requirement already satisfied: idna<4,>=2.5 in /home1/s4680340/BSc-Thesis/BscThesisvenv/lib/python3.9/site-packages (from requests>=2.26.0->-r /home1/s4680340/BSc-Thesis/Thesis/requirements.txt (line 10)) (3.10)
Requirement already satisfied: urllib3<3,>=1.21.1 in /home1/s4680340/BSc-Thesis/BscThesisvenv/lib/python3.9/site-packages (from requests>=2.26.0->-r /home1/s4680340/BSc-Thesis/Thesis/requirements.txt (line 10)) (2.2.3)
Requirement already satisfied: certifi>=2017.4.17 in /home1/s4680340/BSc-Thesis/BscThesisvenv/lib/python3.9/site-packages (from requests>=2.26.0->-r /home1/s4680340/BSc-Thesis/Thesis/requirements.txt (line 10)) (2024.8.30)
Requirement already satisfied: filelock in /home1/s4680340/BSc-Thesis/BscThesisvenv/lib/python3.9/site-packages (from torch>=1.2.1->-r /home1/s4680340/BSc-Thesis/Thesis/requirements.txt (line 11)) (3.16.1)
Requirement already satisfied: typing-extensions>=4.8.0 in /home1/s4680340/BSc-Thesis/BscThesisvenv/lib/python3.9/site-packages (from torch>=1.2.1->-r /home1/s4680340/BSc-Thesis/Thesis/requirements.txt (line 11)) (4.12.2)
Requirement already satisfied: networkx in /home1/s4680340/BSc-Thesis/BscThesisvenv/lib/python3.9/site-packages (from torch>=1.2.1->-r /home1/s4680340/BSc-Thesis/Thesis/requirements.txt (line 11)) (3.2.1)
Requirement already satisfied: jinja2 in /home1/s4680340/BSc-Thesis/BscThesisvenv/lib/python3.9/site-packages (from torch>=1.2.1->-r /home1/s4680340/BSc-Thesis/Thesis/requirements.txt (line 11)) (3.1.4)
Requirement already satisfied: fsspec in /home1/s4680340/BSc-Thesis/BscThesisvenv/lib/python3.9/site-packages (from torch>=1.2.1->-r /home1/s4680340/BSc-Thesis/Thesis/requirements.txt (line 11)) (2024.10.0)
Requirement already satisfied: nvidia-cuda-nvrtc-cu12==12.4.127 in /home1/s4680340/BSc-Thesis/BscThesisvenv/lib/python3.9/site-packages (from torch>=1.2.1->-r /home1/s4680340/BSc-Thesis/Thesis/requirements.txt (line 11)) (12.4.127)
Requirement already satisfied: nvidia-cuda-runtime-cu12==12.4.127 in /home1/s4680340/BSc-Thesis/BscThesisvenv/lib/python3.9/site-packages (from torch>=1.2.1->-r /home1/s4680340/BSc-Thesis/Thesis/requirements.txt (line 11)) (12.4.127)
Requirement already satisfied: nvidia-cuda-cupti-cu12==12.4.127 in /home1/s4680340/BSc-Thesis/BscThesisvenv/lib/python3.9/site-packages (from torch>=1.2.1->-r /home1/s4680340/BSc-Thesis/Thesis/requirements.txt (line 11)) (12.4.127)
Requirement already satisfied: nvidia-cudnn-cu12==9.1.0.70 in /home1/s4680340/BSc-Thesis/BscThesisvenv/lib/python3.9/site-packages (from torch>=1.2.1->-r /home1/s4680340/BSc-Thesis/Thesis/requirements.txt (line 11)) (9.1.0.70)
Requirement already satisfied: nvidia-cublas-cu12==12.4.5.8 in /home1/s4680340/BSc-Thesis/BscThesisvenv/lib/python3.9/site-packages (from torch>=1.2.1->-r /home1/s4680340/BSc-Thesis/Thesis/requirements.txt (line 11)) (12.4.5.8)
Requirement already satisfied: nvidia-cufft-cu12==11.2.1.3 in /home1/s4680340/BSc-Thesis/BscThesisvenv/lib/python3.9/site-packages (from torch>=1.2.1->-r /home1/s4680340/BSc-Thesis/Thesis/requirements.txt (line 11)) (11.2.1.3)
Requirement already satisfied: nvidia-curand-cu12==10.3.5.147 in /home1/s4680340/BSc-Thesis/BscThesisvenv/lib/python3.9/site-packages (from torch>=1.2.1->-r /home1/s4680340/BSc-Thesis/Thesis/requirements.txt (line 11)) (10.3.5.147)
Requirement already satisfied: nvidia-cusolver-cu12==11.6.1.9 in /home1/s4680340/BSc-Thesis/BscThesisvenv/lib/python3.9/site-packages (from torch>=1.2.1->-r /home1/s4680340/BSc-Thesis/Thesis/requirements.txt (line 11)) (11.6.1.9)
Requirement already satisfied: nvidia-cusparse-cu12==12.3.1.170 in /home1/s4680340/BSc-Thesis/BscThesisvenv/lib/python3.9/site-packages (from torch>=1.2.1->-r /home1/s4680340/BSc-Thesis/Thesis/requirements.txt (line 11)) (12.3.1.170)
Requirement already satisfied: nvidia-nccl-cu12==2.21.5 in /home1/s4680340/BSc-Thesis/BscThesisvenv/lib/python3.9/site-packages (from torch>=1.2.1->-r /home1/s4680340/BSc-Thesis/Thesis/requirements.txt (line 11)) (2.21.5)
Requirement already satisfied: nvidia-nvtx-cu12==12.4.127 in /home1/s4680340/BSc-Thesis/BscThesisvenv/lib/python3.9/site-packages (from torch>=1.2.1->-r /home1/s4680340/BSc-Thesis/Thesis/requirements.txt (line 11)) (12.4.127)
Requirement already satisfied: nvidia-nvjitlink-cu12==12.4.127 in /home1/s4680340/BSc-Thesis/BscThesisvenv/lib/python3.9/site-packages (from torch>=1.2.1->-r /home1/s4680340/BSc-Thesis/Thesis/requirements.txt (line 11)) (12.4.127)
Requirement already satisfied: triton==3.1.0 in /home1/s4680340/BSc-Thesis/BscThesisvenv/lib/python3.9/site-packages (from torch>=1.2.1->-r /home1/s4680340/BSc-Thesis/Thesis/requirements.txt (line 11)) (3.1.0)
Requirement already satisfied: sympy==1.13.1 in /home1/s4680340/BSc-Thesis/BscThesisvenv/lib/python3.9/site-packages (from torch>=1.2.1->-r /home1/s4680340/BSc-Thesis/Thesis/requirements.txt (line 11)) (1.13.1)
Requirement already satisfied: mpmath<1.4,>=1.1.0 in /home1/s4680340/BSc-Thesis/BscThesisvenv/lib/python3.9/site-packages (from sympy==1.13.1->torch>=1.2.1->-r /home1/s4680340/BSc-Thesis/Thesis/requirements.txt (line 11)) (1.3.0)
Requirement already satisfied: zipp>=3.1.0 in /home1/s4680340/BSc-Thesis/BscThesisvenv/lib/python3.9/site-packages (from importlib-resources>=3.2.0->matplotlib>=3.4.3->-r /home1/s4680340/BSc-Thesis/Thesis/requirements.txt (line 6)) (3.21.0)
Requirement already satisfied: six>=1.5 in /home1/s4680340/BSc-Thesis/BscThesisvenv/lib/python3.9/site-packages (from python-dateutil>=2.7->matplotlib>=3.4.3->-r /home1/s4680340/BSc-Thesis/Thesis/requirements.txt (line 6)) (1.17.0)
Requirement already satisfied: MarkupSafe>=2.0 in /home1/s4680340/BSc-Thesis/BscThesisvenv/lib/python3.9/site-packages (from jinja2->torch>=1.2.1->-r /home1/s4680340/BSc-Thesis/Thesis/requirements.txt (line 11)) (3.0.2)
SDK_PATH: /home1/s4680340/BSc-Thesis/Thesis
SDK path is set to /home1/s4680340/BSc-Thesis/Thesis
[91m[1m[2024-12-11 20:41:49.471] | Error   | [0m/home1/s4680340/BSc-Thesis/Thesis/data/CMU_MOSI_TimestampedWordVectors.csd file already exists ...
High-level features already downloaded.
[91m[1m[2024-12-11 20:41:49.471] | Error   | [0m/home1/s4680340/BSc-Thesis/Thesis/data/CMU_MOSI_TimestampedWords.csd file already exists ...
Raw data already downloaded.
[91m[1m[2024-12-11 20:41:49.471] | Error   | [0m/home1/s4680340/BSc-Thesis/Thesis/data/CMU_MOSI_Opinion_Labels.csd file already exists ...
Labels already downloaded.
Loading dataset features...
[92m[1m[2024-12-11 20:41:49.473] | Success | [0mComputational sequence read from file /home1/s4680340/BSc-Thesis/Thesis/data/CMU_MOSI_TimestampedWords.csd ...
[94m[1m[2024-12-11 20:41:49.504] | Status  | [0mChecking the integrity of the <words> computational sequence ...
[94m[1m[2024-12-11 20:41:49.504] | Status  | [0mChecking the format of the data in <words> computational sequence ...
  0%|          | 0/93 [00:00<?, ? Computational Sequence Entries/s]                                                                   [92m[1m[2024-12-11 20:41:49.552] | Success | [0m<words> computational sequence data in correct format.
[94m[1m[2024-12-11 20:41:49.552] | Status  | [0mChecking the format of the metadata in <words> computational sequence ...
[93m[1m[2024-12-11 20:41:49.552] | Warning | [0m<words> computational sequence does not have all the required metadata ... continuing 
[92m[1m[2024-12-11 20:41:49.553] | Success | [0mComputational sequence read from file /home1/s4680340/BSc-Thesis/Thesis/data/CMU_MOSI_TimestampedWordVectors.csd ...
[94m[1m[2024-12-11 20:41:49.574] | Status  | [0mChecking the integrity of the <glove_vectors> computational sequence ...
[94m[1m[2024-12-11 20:41:49.574] | Status  | [0mChecking the format of the data in <glove_vectors> computational sequence ...
  0%|          | 0/93 [00:00<?, ? Computational Sequence Entries/s]                                                                   [92m[1m[2024-12-11 20:41:49.637] | Success | [0m<glove_vectors> computational sequence data in correct format.
[94m[1m[2024-12-11 20:41:49.637] | Status  | [0mChecking the format of the metadata in <glove_vectors> computational sequence ...
[93m[1m[2024-12-11 20:41:49.637] | Warning | [0m<glove_vectors> computational sequence does not have all the required metadata ... continuing 
[92m[1m[2024-12-11 20:41:49.638] | Success | [0mComputational sequence read from file /home1/s4680340/BSc-Thesis/Thesis/data/CMU_MOSI_Visual_Facet_41.csd ...
[94m[1m[2024-12-11 20:41:49.668] | Status  | [0mChecking the integrity of the <FACET_4.1> computational sequence ...
[94m[1m[2024-12-11 20:41:49.668] | Status  | [0mChecking the format of the data in <FACET_4.1> computational sequence ...
  0%|          | 0/93 [00:00<?, ? Computational Sequence Entries/s]                                                                   [92m[1m[2024-12-11 20:41:49.754] | Success | [0m<FACET_4.1> computational sequence data in correct format.
[94m[1m[2024-12-11 20:41:49.754] | Status  | [0mChecking the format of the metadata in <FACET_4.1> computational sequence ...
[93m[1m[2024-12-11 20:41:49.754] | Warning | [0m<FACET_4.1> computational sequence does not have all the required metadata ... continuing 
[92m[1m[2024-12-11 20:41:49.756] | Success | [0mComputational sequence read from file /home1/s4680340/BSc-Thesis/Thesis/data/CMU_MOSI_COVAREP.csd ...
[94m[1m[2024-12-11 20:41:49.779] | Status  | [0mChecking the integrity of the <COVAREP> computational sequence ...
[94m[1m[2024-12-11 20:41:49.779] | Status  | [0mChecking the format of the data in <COVAREP> computational sequence ...
  0%|          | 0/93 [00:00<?, ? Computational Sequence Entries/s]                                                                   [92m[1m[2024-12-11 20:41:49.841] | Success | [0m<COVAREP> computational sequence data in correct format.
[94m[1m[2024-12-11 20:41:49.841] | Status  | [0mChecking the format of the metadata in <COVAREP> computational sequence ...
[93m[1m[2024-12-11 20:41:49.841] | Warning | [0m<COVAREP> computational sequence does not have all the required metadata ... continuing 
[92m[1m[2024-12-11 20:41:49.841] | Success | [0mDataset initialized successfully ... 
[94m[1m[2024-12-11 20:41:49.841] | Status  | [0mUnify was called ...
[92m[1m[2024-12-11 20:41:49.841] | Success | [0mUnify completed ...
[94m[1m[2024-12-11 20:41:49.841] | Status  | [0mPre-alignment based on <CMU_MOSI_TimestampedWords> computational sequence started ...
[94m[1m[2024-12-11 20:41:50.694] | Status  | [0mPre-alignment done for <CMU_MOSI_Visual_Facet_41> ...
[94m[1m[2024-12-11 20:41:51.431] | Status  | [0mPre-alignment done for <CMU_MOSI_TimestampedWordVectors> ...
[94m[1m[2024-12-11 20:41:55.112] | Status  | [0mPre-alignment done for <CMU_MOSI_COVAREP> ...
[94m[1m[2024-12-11 20:41:55.142] | Status  | [0mAlignment starting ...
  0%|          | 0/93 [00:00<?, ? Computational Sequence Entries/s]Overall Progress:   0%|          | 0/93 [00:00<?, ? Computational Sequence Entries/s]
  0%|          | 0/464 [00:00<?, ? Segments/s][A
Aligning 03bSnISJMiM:   0%|          | 0/464 [00:00<?, ? Segments/s][A[91m[1m[2024-12-11 20:41:55.225] | Error   | [0mCannot collapse given the set of functions. Please check for exceptions in your functions ...
Traceback (most recent call last):
  File "/home1/s4680340/BSc-Thesis/Thesis/mmsdk/mmdatasdk/dataset/dataset.py", line 187, in __collapse
    new_features=numpy.concatenate([function(intervals,features) for function in functions],axis=0)
  File "/home1/s4680340/BSc-Thesis/Thesis/mmsdk/mmdatasdk/dataset/dataset.py", line 187, in <listcomp>
    new_features=numpy.concatenate([function(intervals,features) for function in functions],axis=0)
  File "/home1/s4680340/BSc-Thesis/Thesis/modelAudio.py", line 55, in avg
    return np.average(features, axis=0) if features.ndim > 1 else features
  File "/home1/s4680340/BSc-Thesis/BscThesisvenv/lib/python3.9/site-packages/numpy/lib/_function_base_impl.py", line 557, in average
    avg = a.mean(axis, **keepdims_kw)
  File "/home1/s4680340/BSc-Thesis/BscThesisvenv/lib/python3.9/site-packages/numpy/_core/_methods.py", line 127, in _mean
    ret = umr_sum(arr, axis, dtype, out, keepdims, where=where)
TypeError: the resolved dtypes are not compatible with add.reduce. Resolved (dtype('S32'), dtype('S32'), dtype('S64'))

During handling of the above exception, another exception occurred:

Traceback (most recent call last):
  File "/home1/s4680340/BSc-Thesis/Thesis/modelAudio.py", line 308, in <module>
    model = build()
  File "/home1/s4680340/BSc-Thesis/Thesis/modelAudio.py", line 293, in build
    dataset, visual_field, acoustic_field, text_field, wordvectors_field = load_features(dataset)
  File "/home1/s4680340/BSc-Thesis/Thesis/modelAudio.py", line 74, in load_features
    dataset.align(text_field, collapse_functions=[avg])
  File "/home1/s4680340/BSc-Thesis/Thesis/mmsdk/mmdatasdk/dataset/dataset.py", line 162, in align
    intersects,intersects_features=self.__collapse(intersects,intersects_features,collapse_functions)
  File "/home1/s4680340/BSc-Thesis/Thesis/mmsdk/mmdatasdk/dataset/dataset.py", line 191, in __collapse
    log.error("Cannot collapse given the set of functions. Please check for exceptions in your functions ...", error=True)
  File "/home1/s4680340/BSc-Thesis/Thesis/mmsdk/mmdatasdk/log/log.py", line 95, in error
    raise errorType(msgstring)
RuntimeError: Cannot collapse given the set of functions. Please check for exceptions in your functions ...
                                                                                     
                                                                    [A
###############################################################################
Hábrók Cluster
Job 14202305 for user s4680340
Finished at: Wed Dec 11 21:41:55 CET 2024

Job details:
============

Job ID                         : 14202305
Name                           : jobscript.sh
User                           : s4680340
Partition                      : regularshort
Nodes                          : node33
Number of Nodes                : 1
Cores                          : 4
Number of Tasks                : 1
State                          : RUNNING  
Submit                         : 2024-12-11T21:41:35
Start                          : 2024-12-11T21:41:38
End                            : --
Reserved walltime              : 00:20:00
Used walltime                  : 00:00:17
Used CPU time                  : -- 
% User (Computation)           : --
% System (I/O)                 : --
Total memory reserved          : 16G
Maximum memory used            : --

Acknowledgements:
=================

Please see this page for information about acknowledging Hábrók in your publications:

https://wiki.hpc.rug.nl/habrok/introduction/scientific_output

################################################################################
